CPU Scheduling Simulator Run Log
Timestamp: 2026-03-31 15:25:15
Run Type: Run Simulation
Quantum: 4

Input Process Data
PID | Arrival | Burst | Priority
  1 |       0 |     9 |        1
  2 |       3 |     4 |        2
  3 |       1 |     7 |        2
  4 |       7 |     2 |        1

Comparison Summary
Algorithm | AvgWaiting | AvgTurnaround | AvgResponse | CPUUtil(%) | Throughput
First Come, First Served |      8.500 |        14.000 |       8.500 |    100.000 |      0.182
Priority                 |      7.000 |        12.500 |       6.000 |    100.000 |      0.182
Round Robin              |     10.000 |        15.500 |       4.250 |    100.000 |      0.182
Shortest Job First       |      6.000 |        11.500 |       6.000 |    100.000 |      0.182

Per-Process Results - First Come, First Served
PID | Name | Arrival | Burst | Completion | Waiting | Turnaround | Response
  1 | P1   |       0 |     9 |          9 |       0 |          9 |        0
  2 | P2   |       3 |     4 |         20 |      13 |         17 |       13
  3 | P3   |       1 |     7 |         16 |       8 |         15 |        8
  4 | P4   |       7 |     2 |         22 |      13 |         15 |       13

Per-Process Results - Priority
PID | Name | Arrival | Burst | Completion | Waiting | Turnaround | Response
  1 | P1   |       0 |     9 |          9 |       0 |          9 |        0
  2 | P2   |       3 |     4 |         19 |      12 |         16 |       12
  3 | P3   |       1 |     7 |         22 |      14 |         21 |       10
  4 | P4   |       7 |     2 |         11 |       2 |          4 |        2

Per-Process Results - Round Robin
PID | Name | Arrival | Burst | Completion | Waiting | Turnaround | Response
  1 | P1   |       0 |     9 |         22 |      13 |         22 |        0
  2 | P2   |       3 |     4 |         12 |       5 |          9 |        5
  3 | P3   |       1 |     7 |         21 |      13 |         20 |        3
  4 | P4   |       7 |     2 |         18 |       9 |         11 |        9

Per-Process Results - Shortest Job First
PID | Name | Arrival | Burst | Completion | Waiting | Turnaround | Response
  1 | P1   |       0 |     9 |          9 |       0 |          9 |        0
  2 | P2   |       3 |     4 |         15 |       8 |         12 |        8
  3 | P3   |       1 |     7 |         22 |      14 |         21 |       14
  4 | P4   |       7 |     2 |         11 |       2 |          4 |        2

