CPU Scheduling Simulator Run Log
Timestamp: 2026-03-31 15:25:26
Run Type: Run Simulation
Quantum: 10

Input Process Data
PID | Arrival | Burst | Priority
  1 |       5 |     1 |        3
  2 |       7 |     2 |        1
  3 |       4 |     6 |        2
  4 |       0 |     4 |        3

Comparison Summary
Algorithm | AvgWaiting | AvgTurnaround | AvgResponse | CPUUtil(%) | Throughput
First Come, First Served |      2.250 |         5.500 |       2.250 |    100.000 |      0.308
Shortest Job First       |      2.250 |         5.500 |       2.250 |    100.000 |      0.308

Per-Process Results - First Come, First Served
PID | Name | Arrival | Burst | Completion | Waiting | Turnaround | Response
  1 | P1   |       5 |     1 |         11 |       5 |          6 |        5
  2 | P2   |       7 |     2 |         13 |       4 |          6 |        4
  3 | P3   |       4 |     6 |         10 |       0 |          6 |        0
  4 | P4   |       0 |     4 |          4 |       0 |          4 |        0

Per-Process Results - Shortest Job First
PID | Name | Arrival | Burst | Completion | Waiting | Turnaround | Response
  1 | P1   |       5 |     1 |         11 |       5 |          6 |        5
  2 | P2   |       7 |     2 |         13 |       4 |          6 |        4
  3 | P3   |       4 |     6 |         10 |       0 |          6 |        0
  4 | P4   |       0 |     4 |          4 |       0 |          4 |        0

