CPU Scheduling Simulator Run Log
Timestamp: 2026-04-30 13:35:04
Run Type: Run Simulation
Quantum: 3

Input Process Data
PID | Arrival | Burst | Priority
  1 |       0 |     9 |        3
  2 |       9 |     1 |        1

Comparison Summary
Algorithm | AvgWaiting | AvgTurnaround | AvgResponse | CPUUtil(%) | Throughput | Jain | Gini | MinMaxGap
First Come, First Served |      0.000 |         5.000 |       0.000 |    100.000 |      0.200 | 1.000 | 0.000 |     0.000
Priority                 |      0.000 |         5.000 |       0.000 |    100.000 |      0.200 | 1.000 | 0.000 |     0.000
Round Robin              |      0.000 |         5.000 |       0.000 |    100.000 |      0.200 | 1.000 | 0.000 |     0.000
Shortest Job First       |      0.000 |         5.000 |       0.000 |    100.000 |      0.200 | 1.000 | 0.000 |     0.000
Shortest Remaining Time First |      0.000 |         5.000 |       0.000 |    100.000 |      0.200 | 1.000 | 0.000 |     0.000
Lottery                  |      0.000 |         5.000 |       0.000 |    100.000 |      0.200 | 1.000 | 0.000 |     0.000
Guaranteed               |      0.000 |         5.000 |       0.000 |    100.000 |      0.200 | 1.000 | 0.000 |     0.000
Multilevel Queue         |      0.000 |         5.000 |       0.000 |    100.000 |      0.200 | 1.000 | 0.000 |     0.000

Per-Process Results - First Come, First Served
PID | Name | Arrival | Burst | Completion | Waiting | Turnaround | Response
  1 | P1   |       0 |     9 |          9 |       0 |          9 |        0
  2 | P2   |       9 |     1 |         10 |       0 |          1 |        0

Per-Process Results - Priority
PID | Name | Arrival | Burst | Completion | Waiting | Turnaround | Response
  1 | P1   |       0 |     9 |          9 |       0 |          9 |        0
  2 | P2   |       9 |     1 |         10 |       0 |          1 |        0

Per-Process Results - Round Robin
PID | Name | Arrival | Burst | Completion | Waiting | Turnaround | Response
  1 | P1   |       0 |     9 |          9 |       0 |          9 |        0
  2 | P2   |       9 |     1 |         10 |       0 |          1 |        0

Per-Process Results - Shortest Job First
PID | Name | Arrival | Burst | Completion | Waiting | Turnaround | Response
  1 | P1   |       0 |     9 |          9 |       0 |          9 |        0
  2 | P2   |       9 |     1 |         10 |       0 |          1 |        0

Per-Process Results - Shortest Remaining Time First
PID | Name | Arrival | Burst | Completion | Waiting | Turnaround | Response
  1 | P1   |       0 |     9 |          9 |       0 |          9 |        0
  2 | P2   |       9 |     1 |         10 |       0 |          1 |        0

Per-Process Results - Lottery
PID | Name | Arrival | Burst | Completion | Waiting | Turnaround | Response
  1 | P1   |       0 |     9 |          9 |       0 |          9 |        0
  2 | P2   |       9 |     1 |         10 |       0 |          1 |        0

Per-Process Results - Guaranteed
PID | Name | Arrival | Burst | Completion | Waiting | Turnaround | Response
  1 | P1   |       0 |     9 |          9 |       0 |          9 |        0
  2 | P2   |       9 |     1 |         10 |       0 |          1 |        0

Per-Process Results - Multilevel Queue
PID | Name | Arrival | Burst | Completion | Waiting | Turnaround | Response
  1 | P1   |       0 |     9 |          9 |       0 |          9 |        0
  2 | P2   |       9 |     1 |         10 |       0 |          1 |        0

