CPU Scheduling Simulator Run Log
Timestamp: 2026-03-31 20:25:19
Run Type: Run Simulation
Quantum: 4

Input Process Data
PID | Arrival | Burst | Priority
  1 |       2 |     2 |        2
  2 |       2 |     6 |        3
  3 |       3 |     9 |        2
  4 |       9 |     2 |        3
  5 |       0 |     8 |        2

Comparison Summary
Algorithm | AvgWaiting | AvgTurnaround | AvgResponse | CPUUtil(%) | Throughput
First Come, First Served |      8.600 |        14.000 |       8.600 |    100.000 |      0.185
Priority                 |      9.200 |        14.600 |       8.800 |    100.000 |      0.185
Round Robin              |     10.000 |        15.400 |       4.400 |    100.000 |      0.185
Shortest Job First       |      6.400 |        11.800 |       6.400 |    100.000 |      0.185

Per-Process Results - First Come, First Served
PID | Name | Arrival | Burst | Completion | Waiting | Turnaround | Response
  1 | P1   |       2 |     2 |         10 |       6 |          8 |        6
  2 | P2   |       2 |     6 |         16 |       8 |         14 |        8
  3 | P3   |       3 |     9 |         25 |      13 |         22 |       13
  4 | P4   |       9 |     2 |         27 |      16 |         18 |       16
  5 | P5   |       0 |     8 |          8 |       0 |          8 |        0

Per-Process Results - Priority
PID | Name | Arrival | Burst | Completion | Waiting | Turnaround | Response
  1 | P1   |       2 |     2 |         10 |       6 |          8 |        6
  2 | P2   |       2 |     6 |         27 |      19 |         25 |       17
  3 | P3   |       3 |     9 |         19 |       7 |         16 |        7
  4 | P4   |       9 |     2 |         25 |      14 |         16 |       14
  5 | P5   |       0 |     8 |          8 |       0 |          8 |        0

Per-Process Results - Round Robin
PID | Name | Arrival | Burst | Completion | Waiting | Turnaround | Response
  1 | P1   |       2 |     2 |          6 |       2 |          4 |        2
  2 | P2   |       2 |     6 |         22 |      14 |         20 |        4
  3 | P3   |       3 |     9 |         27 |      15 |         24 |        7
  4 | P4   |       9 |     2 |         20 |       9 |         11 |        9
  5 | P5   |       0 |     8 |         18 |      10 |         18 |        0

Per-Process Results - Shortest Job First
PID | Name | Arrival | Burst | Completion | Waiting | Turnaround | Response
  1 | P1   |       2 |     2 |         10 |       6 |          8 |        6
  2 | P2   |       2 |     6 |         18 |      10 |         16 |       10
  3 | P3   |       3 |     9 |         27 |      15 |         24 |       15
  4 | P4   |       9 |     2 |         12 |       1 |          3 |        1
  5 | P5   |       0 |     8 |          8 |       0 |          8 |        0

