CPU Scheduling Simulator Run Log
Timestamp: 2026-05-03 12:03:03
Run Type: Run Simulation
Quantum: 3

Input Process Data
PID | Arrival | Burst | I/O Burst | Priority
  1 |       7 |     5 |         4 |        2
  2 |       4 |     7 |         3 |        2
  3 |       6 |     1 |         0 |        1
  4 |       6 |     7 |         4 |        3
  5 |       5 |     1 |         2 |        3
  6 |       5 |     2 |         1 |        3

Comparison Summary
Algorithm | AvgWaiting | AvgTurnaround | AvgResponse | CPUUtil(%) | Throughput | Jain | Gini | MinMaxGap
First Come, First Served |      7.500 |        13.667 |       7.500 |     85.185 |      0.222 | 0.584 | 0.413 |     0.889
Priority                 |      8.167 |        14.333 |       7.333 |     85.185 |      0.222 | 0.762 | 0.311 |     0.559
Round Robin              |      8.500 |        14.667 |       3.500 |     85.185 |      0.222 | 0.963 | 0.106 |     0.200
Shortest Job First       |      7.000 |        13.167 |       7.000 |     85.185 |      0.222 | 0.606 | 0.389 |     0.875
Shortest Remaining Time First |      4.500 |        10.667 |       3.000 |     85.185 |      0.222 | 0.864 | 0.219 |     0.667
Lottery                  |     10.833 |        17.000 |       7.667 |     88.462 |      0.231 | 0.521 | 0.466 |     0.941
Guaranteed               |      8.500 |        14.667 |       3.500 |     85.185 |      0.222 | 0.963 | 0.106 |     0.200
Multilevel Queue         |      8.833 |        15.000 |       7.833 |     85.185 |      0.222 | 0.728 | 0.339 |     0.479

Per-Process Results - First Come, First Served
PID | Name | Arrival | Burst | Completion | Waiting | Turnaround | Response
  1 | P1   |       7 |     5 |         31 |      15 |         24 |       15
  2 | P2   |       4 |     7 |         14 |       0 |         10 |        0
  3 | P3   |       6 |     1 |         15 |       8 |          9 |        8
  4 | P4   |       6 |     7 |         26 |       9 |         20 |        9
  5 | P5   |       5 |     1 |         14 |       6 |          9 |        6
  6 | P6   |       5 |     2 |         15 |       7 |         10 |        7

Per-Process Results - Priority
PID | Name | Arrival | Burst | Completion | Waiting | Turnaround | Response
  1 | P1   |       7 |     5 |         21 |       5 |         14 |        4
  2 | P2   |       4 |     7 |         18 |       4 |         14 |        0
  3 | P3   |       6 |     1 |          8 |       1 |          2 |        1
  4 | P4   |       6 |     7 |         31 |      14 |         25 |       14
  5 | P5   |       5 |     1 |         20 |      12 |         15 |       12
  6 | P6   |       5 |     2 |         21 |      13 |         16 |       13

Per-Process Results - Round Robin
PID | Name | Arrival | Burst | Completion | Waiting | Turnaround | Response
  1 | P1   |       7 |     5 |         29 |      13 |         22 |        7
  2 | P2   |       4 |     7 |         29 |      15 |         25 |        0
  3 | P3   |       6 |     1 |         11 |       4 |          5 |        4
  4 | P4   |       6 |     7 |         31 |      14 |         25 |        5
  5 | P5   |       5 |     1 |         10 |       2 |          5 |        2
  6 | P6   |       5 |     2 |         11 |       3 |          6 |        3

Per-Process Results - Shortest Job First
PID | Name | Arrival | Burst | Completion | Waiting | Turnaround | Response
  1 | P1   |       7 |     5 |         24 |       8 |         17 |        8
  2 | P2   |       4 |     7 |         14 |       0 |         10 |        0
  3 | P3   |       6 |     1 |         12 |       5 |          6 |        5
  4 | P4   |       6 |     7 |         31 |      14 |         25 |       14
  5 | P5   |       5 |     1 |         15 |       7 |         10 |        7
  6 | P6   |       5 |     2 |         16 |       8 |         11 |        8

Per-Process Results - Shortest Remaining Time First
PID | Name | Arrival | Burst | Completion | Waiting | Turnaround | Response
  1 | P1   |       7 |     5 |         18 |       2 |         11 |        2
  2 | P2   |       4 |     7 |         23 |       9 |         19 |        0
  3 | P3   |       6 |     1 |          7 |       0 |          1 |        0
  4 | P4   |       6 |     7 |         31 |      14 |         25 |       14
  5 | P5   |       5 |     1 |          8 |       0 |          3 |        0
  6 | P6   |       5 |     2 |         10 |       2 |          5 |        2

Per-Process Results - Lottery
PID | Name | Arrival | Burst | Completion | Waiting | Turnaround | Response
  1 | P1   |       7 |     5 |         16 |       0 |          9 |        0
  2 | P2   |       4 |     7 |         30 |      16 |         26 |        0
  3 | P3   |       6 |     1 |         13 |       6 |          7 |        6
  4 | P4   |       6 |     7 |         30 |      13 |         24 |       10
  5 | P5   |       5 |     1 |         24 |      16 |         19 |       16
  6 | P6   |       5 |     2 |         22 |      14 |         17 |       14

Per-Process Results - Guaranteed
PID | Name | Arrival | Burst | Completion | Waiting | Turnaround | Response
  1 | P1   |       7 |     5 |         29 |      13 |         22 |        7
  2 | P2   |       4 |     7 |         29 |      15 |         25 |        0
  3 | P3   |       6 |     1 |         11 |       4 |          5 |        4
  4 | P4   |       6 |     7 |         31 |      14 |         25 |        5
  5 | P5   |       5 |     1 |         10 |       2 |          5 |        2
  6 | P6   |       5 |     2 |         11 |       3 |          6 |        3

Per-Process Results - Multilevel Queue
PID | Name | Arrival | Burst | Completion | Waiting | Turnaround | Response
  1 | P1   |       7 |     5 |         20 |       4 |         13 |        4
  2 | P2   |       4 |     7 |         20 |       6 |         16 |        0
  3 | P3   |       6 |     1 |         11 |       4 |          5 |        4
  4 | P4   |       6 |     7 |         31 |      14 |         25 |       14
  5 | P5   |       5 |     1 |         20 |      12 |         15 |       12
  6 | P6   |       5 |     2 |         21 |      13 |         16 |       13

