CPU Scheduling Simulator Run Log
Timestamp: 2026-05-03 11:40:31
Run Type: Run Simulation
Quantum: 3

Input Process Data
PID | Arrival | Burst | I/O Burst | Priority
  1 |       4 |     8 |         2 |        2
  2 |       4 |     3 |         5 |        2
  3 |       5 |     4 |         2 |        3
  4 |       9 |     7 |         2 |        3

Comparison Summary
Algorithm | AvgWaiting | AvgTurnaround | AvgResponse | CPUUtil(%) | Throughput | Jain | Gini | MinMaxGap
First Come, First Served |      7.000 |        15.250 |       7.000 |     91.667 |      0.167 | 0.732 | 0.293 |     0.727
Priority                 |      7.250 |        15.500 |       5.500 |     91.667 |      0.167 | 0.875 | 0.209 |     0.492
Round Robin              |      8.500 |        16.750 |       3.750 |     91.667 |      0.167 | 0.957 | 0.113 |     0.233
Shortest Job First       |      4.500 |        12.750 |       4.500 |     91.667 |      0.167 | 0.904 | 0.180 |     0.636
Shortest Remaining Time First |      4.500 |        12.750 |       4.500 |     91.667 |      0.167 | 0.904 | 0.180 |     0.636
Lottery                  |      7.750 |        16.000 |       6.000 |     91.667 |      0.167 | 0.841 | 0.229 |     0.500
Guaranteed               |     10.250 |        18.500 |       3.000 |     91.667 |      0.167 | 0.922 | 0.151 |     0.300
Multilevel Queue         |      7.250 |        15.500 |       6.500 |     91.667 |      0.167 | 0.867 | 0.200 |     0.442

Per-Process Results - First Come, First Served
PID | Name | Arrival | Burst | Completion | Waiting | Turnaround | Response
  1 | P1   |       4 |     8 |         14 |       0 |         10 |        0
  2 | P2   |       4 |     3 |         20 |       8 |         16 |        8
  3 | P3   |       5 |     4 |         21 |      10 |         16 |       10
  4 | P4   |       9 |     7 |         28 |      10 |         19 |       10

Per-Process Results - Priority
PID | Name | Arrival | Burst | Completion | Waiting | Turnaround | Response
  1 | P1   |       4 |     8 |         17 |       3 |         13 |        0
  2 | P2   |       4 |     3 |         15 |       3 |         11 |        3
  3 | P3   |       5 |     4 |         24 |      13 |         19 |       10
  4 | P4   |       9 |     7 |         28 |      10 |         19 |        9

Per-Process Results - Round Robin
PID | Name | Arrival | Burst | Completion | Waiting | Turnaround | Response
  1 | P1   |       4 |     8 |         24 |      10 |         20 |        0
  2 | P2   |       4 |     3 |         15 |       3 |         11 |        3
  3 | P3   |       5 |     4 |         22 |      11 |         17 |        5
  4 | P4   |       9 |     7 |         28 |      10 |         19 |        7

Per-Process Results - Shortest Job First
PID | Name | Arrival | Burst | Completion | Waiting | Turnaround | Response
  1 | P1   |       4 |     8 |         28 |      14 |         24 |       14
  2 | P2   |       4 |     3 |         12 |       0 |          8 |        0
  3 | P3   |       5 |     4 |         13 |       2 |          8 |        2
  4 | P4   |       9 |     7 |         20 |       2 |         11 |        2

Per-Process Results - Shortest Remaining Time First
PID | Name | Arrival | Burst | Completion | Waiting | Turnaround | Response
  1 | P1   |       4 |     8 |         28 |      14 |         24 |       14
  2 | P2   |       4 |     3 |         12 |       0 |          8 |        0
  3 | P3   |       5 |     4 |         13 |       2 |          8 |        2
  4 | P4   |       9 |     7 |         20 |       2 |         11 |        2

Per-Process Results - Lottery
PID | Name | Arrival | Burst | Completion | Waiting | Turnaround | Response
  1 | P1   |       4 |     8 |         18 |       4 |         14 |        0
  2 | P2   |       4 |     3 |         27 |      15 |         23 |       15
  3 | P3   |       5 |     4 |         13 |       2 |          8 |        2
  4 | P4   |       9 |     7 |         28 |      10 |         19 |        7

Per-Process Results - Guaranteed
PID | Name | Arrival | Burst | Completion | Waiting | Turnaround | Response
  1 | P1   |       4 |     8 |         26 |      12 |         22 |        0
  2 | P2   |       4 |     3 |         15 |       3 |         11 |        3
  3 | P3   |       5 |     4 |         27 |      16 |         22 |        5
  4 | P4   |       9 |     7 |         28 |      10 |         19 |        4

Per-Process Results - Multilevel Queue
PID | Name | Arrival | Burst | Completion | Waiting | Turnaround | Response
  1 | P1   |       4 |     8 |         17 |       3 |         13 |        0
  2 | P2   |       4 |     3 |         18 |       6 |         14 |        6
  3 | P3   |       5 |     4 |         21 |      10 |         16 |       10
  4 | P4   |       9 |     7 |         28 |      10 |         19 |       10

