CPU Scheduling Simulator Run Log
Timestamp: 2026-03-30 17:16:13
Run Type: Run Simulation
Quantum: 3

Input Process Data
PID | Arrival | Burst | Priority
  1 |       4 |     8 |        1
  2 |       2 |     2 |        1
  3 |       5 |     7 |        2
  4 |       9 |     4 |        1

Comparison Summary
Algorithm | AvgWaiting | AvgTurnaround | AvgResponse | CPUUtil(%) | Throughput
First Come, First Served |      4.250 |         9.500 |       4.250 |    100.000 |      0.190
Priority                 |      3.500 |         8.750 |       3.500 |    100.000 |      0.190
Round Robin              |      7.250 |        12.500 |       1.500 |    100.000 |      0.190
Shortest Job First       |      3.500 |         8.750 |       3.500 |    100.000 |      0.190

Per-Process Results - First Come, First Served
PID | Name | Arrival | Burst | Completion | Waiting | Turnaround | Response
  1 | P1   |       4 |     8 |         12 |       0 |          8 |        0
  2 | P2   |       2 |     2 |          4 |       0 |          2 |        0
  3 | P3   |       5 |     7 |         19 |       7 |         14 |        7
  4 | P4   |       9 |     4 |         23 |      10 |         14 |       10

Per-Process Results - Priority
PID | Name | Arrival | Burst | Completion | Waiting | Turnaround | Response
  1 | P1   |       4 |     8 |         12 |       0 |          8 |        0
  2 | P2   |       2 |     2 |          4 |       0 |          2 |        0
  3 | P3   |       5 |     7 |         23 |      11 |         18 |       11
  4 | P4   |       9 |     4 |         16 |       3 |          7 |        3

Per-Process Results - Round Robin
PID | Name | Arrival | Burst | Completion | Waiting | Turnaround | Response
  1 | P1   |       4 |     8 |         21 |       9 |         17 |        0
  2 | P2   |       2 |     2 |          4 |       0 |          2 |        0
  3 | P3   |       5 |     7 |         23 |      11 |         18 |        2
  4 | P4   |       9 |     4 |         22 |       9 |         13 |        4

Per-Process Results - Shortest Job First
PID | Name | Arrival | Burst | Completion | Waiting | Turnaround | Response
  1 | P1   |       4 |     8 |         12 |       0 |          8 |        0
  2 | P2   |       2 |     2 |          4 |       0 |          2 |        0
  3 | P3   |       5 |     7 |         23 |      11 |         18 |       11
  4 | P4   |       9 |     4 |         16 |       3 |          7 |        3

