CPU Scheduling Simulator Run Log
Timestamp: 2026-03-31 19:38:02
Run Type: Run Simulation
Quantum: 5

Input Process Data
PID | Arrival | Burst | Priority
  1 |       3 |     6 |        3
  2 |       0 |     6 |        1
  3 |       0 |     5 |        3
  4 |       4 |     9 |        3
  5 |       4 |     9 |        3

Comparison Summary
Algorithm | AvgWaiting | AvgTurnaround | AvgResponse | CPUUtil(%) | Throughput
First Come, First Served |      9.800 |        16.800 |       9.800 |    100.000 |      0.143
Priority                 |     12.800 |        19.800 |       8.600 |    100.000 |      0.143
Round Robin              |     16.600 |        23.600 |       7.800 |    100.000 |      0.143
Shortest Job First       |      9.600 |        16.600 |       9.600 |    100.000 |      0.143

Per-Process Results - First Come, First Served
PID | Name | Arrival | Burst | Completion | Waiting | Turnaround | Response
  1 | P1   |       3 |     6 |         17 |       8 |         14 |        8
  2 | P2   |       0 |     6 |          6 |       0 |          6 |        0
  3 | P3   |       0 |     5 |         11 |       6 |         11 |        6
  4 | P4   |       4 |     9 |         26 |      13 |         22 |       13
  5 | P5   |       4 |     9 |         35 |      22 |         31 |       22

Per-Process Results - Priority
PID | Name | Arrival | Burst | Completion | Waiting | Turnaround | Response
  1 | P1   |       3 |     6 |         27 |      18 |         24 |        8
  2 | P2   |       0 |     6 |          6 |       0 |          6 |        0
  3 | P3   |       0 |     5 |         11 |       6 |         11 |        6
  4 | P4   |       4 |     9 |         31 |      18 |         27 |       12
  5 | P5   |       4 |     9 |         35 |      22 |         31 |       17

Per-Process Results - Round Robin
PID | Name | Arrival | Burst | Completion | Waiting | Turnaround | Response
  1 | P1   |       3 |     6 |         27 |      18 |         24 |        7
  2 | P2   |       0 |     6 |         26 |      20 |         26 |        0
  3 | P3   |       0 |     5 |         10 |       5 |         10 |        5
  4 | P4   |       4 |     9 |         31 |      18 |         27 |       11
  5 | P5   |       4 |     9 |         35 |      22 |         31 |       16

Per-Process Results - Shortest Job First
PID | Name | Arrival | Burst | Completion | Waiting | Turnaround | Response
  1 | P1   |       3 |     6 |         17 |       8 |         14 |        8
  2 | P2   |       0 |     6 |         11 |       5 |         11 |        5
  3 | P3   |       0 |     5 |          5 |       0 |          5 |        0
  4 | P4   |       4 |     9 |         26 |      13 |         22 |       13
  5 | P5   |       4 |     9 |         35 |      22 |         31 |       22

