CPU Scheduling Simulator Run Log
Timestamp: 2026-04-30 12:55:17
Run Type: Run Simulation
Quantum: 4

Input Process Data
PID | Arrival | Burst | Priority
  1 |       5 |     8 |        1
  2 |       0 |     4 |        3
  3 |       8 |     1 |        3
  4 |       7 |     4 |        2
  5 |       2 |     5 |        2
  6 |       5 |     3 |        3

Comparison Summary
Algorithm | AvgWaiting | AvgTurnaround | AvgResponse | CPUUtil(%) | Throughput | Jain | Gini | MinMaxGap
First Come, First Served |      7.833 |        12.000 |       7.833 |    100.000 |      0.240 | 0.671 | 0.387 |     0.941
Priority                 |      9.167 |        13.333 |       7.833 |    100.000 |      0.240 | 0.626 | 0.420 |     0.941
Round Robin              |      8.667 |        12.833 |       5.167 |    100.000 |      0.240 | 0.657 | 0.352 |     0.917
Shortest Job First       |      4.333 |         8.500 |       4.333 |    100.000 |      0.240 | 0.862 | 0.205 |     0.625
Shortest Remaining Time First |      4.000 |         8.167 |       3.333 |    100.000 |      0.240 | 0.855 | 0.209 |     0.600
Lottery                  |      9.333 |        13.500 |       7.333 |    100.000 |      0.240 | 0.615 | 0.425 |     0.929
Guaranteed               |      9.167 |        13.333 |       5.167 |    100.000 |      0.240 | 0.645 | 0.370 |     0.917
Multilevel Queue         |      8.000 |        12.167 |       8.000 |    100.000 |      0.240 | 0.671 | 0.391 |     0.941

Per-Process Results - First Come, First Served
PID | Name | Arrival | Burst | Completion | Waiting | Turnaround | Response
  1 | P1   |       5 |     8 |         17 |       4 |         12 |        4
  2 | P2   |       0 |     4 |          4 |       0 |          4 |        0
  3 | P3   |       8 |     1 |         25 |      16 |         17 |       16
  4 | P4   |       7 |     4 |         24 |      13 |         17 |       13
  5 | P5   |       2 |     5 |          9 |       2 |          7 |        2
  6 | P6   |       5 |     3 |         20 |      12 |         15 |       12

Per-Process Results - Priority
PID | Name | Arrival | Burst | Completion | Waiting | Turnaround | Response
  1 | P1   |       5 |     8 |         16 |       3 |         11 |        3
  2 | P2   |       0 |     4 |          4 |       0 |          4 |        0
  3 | P3   |       8 |     1 |         25 |      16 |         17 |       16
  4 | P4   |       7 |     4 |         21 |      10 |         14 |       10
  5 | P5   |       2 |     5 |         17 |      10 |         15 |        2
  6 | P6   |       5 |     3 |         24 |      16 |         19 |       16

Per-Process Results - Round Robin
PID | Name | Arrival | Burst | Completion | Waiting | Turnaround | Response
  1 | P1   |       5 |     8 |         25 |      12 |         20 |        3
  2 | P2   |       0 |     4 |          4 |       0 |          4 |        0
  3 | P3   |       8 |     1 |         20 |      11 |         12 |       11
  4 | P4   |       7 |     4 |         19 |       8 |         12 |        8
  5 | P5   |       2 |     5 |         21 |      14 |         19 |        2
  6 | P6   |       5 |     3 |         15 |       7 |         10 |        7

Per-Process Results - Shortest Job First
PID | Name | Arrival | Burst | Completion | Waiting | Turnaround | Response
  1 | P1   |       5 |     8 |         25 |      12 |         20 |       12
  2 | P2   |       0 |     4 |          4 |       0 |          4 |        0
  3 | P3   |       8 |     1 |         10 |       1 |          2 |        1
  4 | P4   |       7 |     4 |         17 |       6 |         10 |        6
  5 | P5   |       2 |     5 |          9 |       2 |          7 |        2
  6 | P6   |       5 |     3 |         13 |       5 |          8 |        5

Per-Process Results - Shortest Remaining Time First
PID | Name | Arrival | Burst | Completion | Waiting | Turnaround | Response
  1 | P1   |       5 |     8 |         25 |      12 |         20 |       12
  2 | P2   |       0 |     4 |          4 |       0 |          4 |        0
  3 | P3   |       8 |     1 |          9 |       0 |          1 |        0
  4 | P4   |       7 |     4 |         17 |       6 |         10 |        6
  5 | P5   |       2 |     5 |         13 |       6 |         11 |        2
  6 | P6   |       5 |     3 |          8 |       0 |          3 |        0

Per-Process Results - Lottery
PID | Name | Arrival | Burst | Completion | Waiting | Turnaround | Response
  1 | P1   |       5 |     8 |         16 |       3 |         11 |        3
  2 | P2   |       0 |     4 |          4 |       0 |          4 |        0
  3 | P3   |       8 |     1 |         22 |      13 |         14 |       13
  4 | P4   |       7 |     4 |         20 |       9 |         13 |        9
  5 | P5   |       2 |     5 |         21 |      14 |         19 |        2
  6 | P6   |       5 |     3 |         25 |      17 |         20 |       17

Per-Process Results - Guaranteed
PID | Name | Arrival | Burst | Completion | Waiting | Turnaround | Response
  1 | P1   |       5 |     8 |         24 |      11 |         19 |        3
  2 | P2   |       0 |     4 |          4 |       0 |          4 |        0
  3 | P3   |       8 |     1 |         20 |      11 |         12 |       11
  4 | P4   |       7 |     4 |         19 |       8 |         12 |        8
  5 | P5   |       2 |     5 |         25 |      18 |         23 |        2
  6 | P6   |       5 |     3 |         15 |       7 |         10 |        7

Per-Process Results - Multilevel Queue
PID | Name | Arrival | Burst | Completion | Waiting | Turnaround | Response
  1 | P1   |       5 |     8 |         17 |       4 |         12 |        4
  2 | P2   |       0 |     4 |          4 |       0 |          4 |        0
  3 | P3   |       8 |     1 |         25 |      16 |         17 |       16
  4 | P4   |       7 |     4 |         21 |      10 |         14 |       10
  5 | P5   |       2 |     5 |          9 |       2 |          7 |        2
  6 | P6   |       5 |     3 |         24 |      16 |         19 |       16

