CPU Scheduling Simulator Run Log
Timestamp: 2026-04-30 12:52:37
Run Type: Run Simulation
Quantum: 3

Input Process Data
PID | Arrival | Burst | Priority
  1 |       0 |     6 |        2
  2 |       6 |     4 |        1
  3 |       4 |     5 |        1
  4 |       9 |     5 |        1

Comparison Summary
Algorithm | AvgWaiting | AvgTurnaround | AvgResponse | CPUUtil(%) | Throughput | Jain | Gini | MinMaxGap
First Come, First Served |      3.250 |         8.250 |       3.250 |    100.000 |      0.200 | 0.892 | 0.184 |     0.556
Priority                 |      4.750 |         9.750 |       2.500 |    100.000 |      0.200 | 0.835 | 0.224 |     0.667
Round Robin              |      5.500 |        10.500 |       2.000 |    100.000 |      0.200 | 0.805 | 0.238 |     0.667
Shortest Job First       |      3.000 |         8.000 |       3.000 |    100.000 |      0.200 | 0.877 | 0.188 |     0.545
Shortest Remaining Time First |      3.000 |         8.000 |       3.000 |    100.000 |      0.200 | 0.877 | 0.188 |     0.545
Lottery                  |      5.000 |        10.000 |       2.500 |    100.000 |      0.200 | 0.782 | 0.268 |     0.714
Guaranteed               |      5.750 |        10.750 |       2.000 |    100.000 |      0.200 | 0.796 | 0.260 |     0.714
Multilevel Queue         |      5.500 |        10.500 |       2.000 |    100.000 |      0.200 | 0.805 | 0.238 |     0.667

Per-Process Results - First Come, First Served
PID | Name | Arrival | Burst | Completion | Waiting | Turnaround | Response
  1 | P1   |       0 |     6 |          6 |       0 |          6 |        0
  2 | P2   |       6 |     4 |         15 |       5 |          9 |        5
  3 | P3   |       4 |     5 |         11 |       2 |          7 |        2
  4 | P4   |       9 |     5 |         20 |       6 |         11 |        6

Per-Process Results - Priority
PID | Name | Arrival | Burst | Completion | Waiting | Turnaround | Response
  1 | P1   |       0 |     6 |          6 |       0 |          6 |        0
  2 | P2   |       6 |     4 |         18 |       8 |         12 |        3
  3 | P3   |       4 |     5 |         14 |       5 |         10 |        2
  4 | P4   |       9 |     5 |         20 |       6 |         11 |        5

Per-Process Results - Round Robin
PID | Name | Arrival | Burst | Completion | Waiting | Turnaround | Response
  1 | P1   |       0 |     6 |          6 |       0 |          6 |        0
  2 | P2   |       6 |     4 |         18 |       8 |         12 |        3
  3 | P3   |       4 |     5 |         17 |       8 |         13 |        2
  4 | P4   |       9 |     5 |         20 |       6 |         11 |        3

Per-Process Results - Shortest Job First
PID | Name | Arrival | Burst | Completion | Waiting | Turnaround | Response
  1 | P1   |       0 |     6 |          6 |       0 |          6 |        0
  2 | P2   |       6 |     4 |         10 |       0 |          4 |        0
  3 | P3   |       4 |     5 |         15 |       6 |         11 |        6
  4 | P4   |       9 |     5 |         20 |       6 |         11 |        6

Per-Process Results - Shortest Remaining Time First
PID | Name | Arrival | Burst | Completion | Waiting | Turnaround | Response
  1 | P1   |       0 |     6 |          6 |       0 |          6 |        0
  2 | P2   |       6 |     4 |         10 |       0 |          4 |        0
  3 | P3   |       4 |     5 |         15 |       6 |         11 |        6
  4 | P4   |       9 |     5 |         20 |       6 |         11 |        6

Per-Process Results - Lottery
PID | Name | Arrival | Burst | Completion | Waiting | Turnaround | Response
  1 | P1   |       0 |     6 |          6 |       0 |          6 |        0
  2 | P2   |       6 |     4 |         20 |      10 |         14 |        8
  3 | P3   |       4 |     5 |         19 |      10 |         15 |        2
  4 | P4   |       9 |     5 |         14 |       0 |          5 |        0

Per-Process Results - Guaranteed
PID | Name | Arrival | Burst | Completion | Waiting | Turnaround | Response
  1 | P1   |       0 |     6 |          6 |       0 |          6 |        0
  2 | P2   |       6 |     4 |         20 |      10 |         14 |        3
  3 | P3   |       4 |     5 |         17 |       8 |         13 |        2
  4 | P4   |       9 |     5 |         19 |       5 |         10 |        3

Per-Process Results - Multilevel Queue
PID | Name | Arrival | Burst | Completion | Waiting | Turnaround | Response
  1 | P1   |       0 |     6 |          6 |       0 |          6 |        0
  2 | P2   |       6 |     4 |         18 |       8 |         12 |        3
  3 | P3   |       4 |     5 |         17 |       8 |         13 |        2
  4 | P4   |       9 |     5 |         20 |       6 |         11 |        3

