CPU Scheduling Simulator Run Log
Timestamp: 2026-03-30 16:45:38
Run Type: Run Simulation
Quantum: 4

Input Process Data
PID | Arrival | Burst | Priority
  1 |       2 |     5 |        3
  2 |       9 |     2 |        3
  3 |       6 |     3 |        3

Comparison Summary
Algorithm | AvgWaiting | AvgTurnaround | AvgResponse | CPUUtil(%) | Throughput
First Come, First Served |      0.667 |         4.000 |       0.667 |    100.000 |      0.300
Priority                 |      0.667 |         4.000 |       0.667 |    100.000 |      0.300
Round Robin              |      1.333 |         4.667 |       0.333 |    100.000 |      0.300
Shortest Job First       |      0.667 |         4.000 |       0.667 |    100.000 |      0.300

Per-Process Results - First Come, First Served
PID | Name | Arrival | Burst | Completion | Waiting | Turnaround | Response
  1 | P1   |       2 |     5 |          7 |       0 |          5 |        0
  2 | P2   |       9 |     2 |         12 |       1 |          3 |        1
  3 | P3   |       6 |     3 |         10 |       1 |          4 |        1

Per-Process Results - Priority
PID | Name | Arrival | Burst | Completion | Waiting | Turnaround | Response
  1 | P1   |       2 |     5 |          7 |       0 |          5 |        0
  2 | P2   |       9 |     2 |         12 |       1 |          3 |        1
  3 | P3   |       6 |     3 |         10 |       1 |          4 |        1

Per-Process Results - Round Robin
PID | Name | Arrival | Burst | Completion | Waiting | Turnaround | Response
  1 | P1   |       2 |     5 |         10 |       3 |          8 |        0
  2 | P2   |       9 |     2 |         12 |       1 |          3 |        1
  3 | P3   |       6 |     3 |          9 |       0 |          3 |        0

Per-Process Results - Shortest Job First
PID | Name | Arrival | Burst | Completion | Waiting | Turnaround | Response
  1 | P1   |       2 |     5 |          7 |       0 |          5 |        0
  2 | P2   |       9 |     2 |         12 |       1 |          3 |        1
  3 | P3   |       6 |     3 |         10 |       1 |          4 |        1

