CPU Scheduling Simulator Run Log
Timestamp: 2026-04-30 13:42:07
Run Type: Run Simulation
Quantum: 4

Input Process Data
PID | Arrival | Burst | I/O Burst | Priority
  1 |       3 |     3 |         4 |        2
  2 |       8 |     1 |         0 |        2
  3 |       3 |     3 |         1 |        2
  4 |       8 |     6 |         0 |        2

Comparison Summary
Algorithm | AvgWaiting | AvgTurnaround | AvgResponse | CPUUtil(%) | Throughput | Jain | Gini | MinMaxGap
First Come, First Served |      1.500 |         6.000 |       1.500 |    100.000 |      0.308 | 0.917 | 0.159 |     0.500
Priority                 |      1.500 |         6.000 |       1.500 |    100.000 |      0.308 | 0.917 | 0.159 |     0.500
Round Robin              |      1.500 |         6.000 |       1.500 |    100.000 |      0.308 | 0.917 | 0.159 |     0.500
Shortest Job First       |      1.500 |         6.000 |       1.500 |    100.000 |      0.308 | 0.917 | 0.159 |     0.500
Shortest Remaining Time First |      1.500 |         6.000 |       1.500 |    100.000 |      0.308 | 0.917 | 0.159 |     0.500
Lottery                  |      2.500 |         7.000 |       2.250 |    100.000 |      0.308 | 0.793 | 0.284 |     0.833
Guaranteed               |      1.500 |         6.000 |       1.500 |    100.000 |      0.308 | 0.917 | 0.159 |     0.500
Multilevel Queue         |      1.500 |         6.000 |       1.500 |    100.000 |      0.308 | 0.917 | 0.159 |     0.500

Per-Process Results - First Come, First Served
PID | Name | Arrival | Burst | Completion | Waiting | Turnaround | Response
  1 | P1   |       3 |     3 |         10 |       0 |          7 |        0
  2 | P2   |       8 |     1 |         10 |       1 |          2 |        1
  3 | P3   |       3 |     3 |         10 |       3 |          7 |        3
  4 | P4   |       8 |     6 |         16 |       2 |          8 |        2

Per-Process Results - Priority
PID | Name | Arrival | Burst | Completion | Waiting | Turnaround | Response
  1 | P1   |       3 |     3 |         10 |       0 |          7 |        0
  2 | P2   |       8 |     1 |         10 |       1 |          2 |        1
  3 | P3   |       3 |     3 |         10 |       3 |          7 |        3
  4 | P4   |       8 |     6 |         16 |       2 |          8 |        2

Per-Process Results - Round Robin
PID | Name | Arrival | Burst | Completion | Waiting | Turnaround | Response
  1 | P1   |       3 |     3 |         10 |       0 |          7 |        0
  2 | P2   |       8 |     1 |         10 |       1 |          2 |        1
  3 | P3   |       3 |     3 |         10 |       3 |          7 |        3
  4 | P4   |       8 |     6 |         16 |       2 |          8 |        2

Per-Process Results - Shortest Job First
PID | Name | Arrival | Burst | Completion | Waiting | Turnaround | Response
  1 | P1   |       3 |     3 |         10 |       0 |          7 |        0
  2 | P2   |       8 |     1 |         10 |       1 |          2 |        1
  3 | P3   |       3 |     3 |         10 |       3 |          7 |        3
  4 | P4   |       8 |     6 |         16 |       2 |          8 |        2

Per-Process Results - Shortest Remaining Time First
PID | Name | Arrival | Burst | Completion | Waiting | Turnaround | Response
  1 | P1   |       3 |     3 |         10 |       0 |          7 |        0
  2 | P2   |       8 |     1 |         10 |       1 |          2 |        1
  3 | P3   |       3 |     3 |         10 |       3 |          7 |        3
  4 | P4   |       8 |     6 |         16 |       2 |          8 |        2

Per-Process Results - Lottery
PID | Name | Arrival | Burst | Completion | Waiting | Turnaround | Response
  1 | P1   |       3 |     3 |         10 |       0 |          7 |        0
  2 | P2   |       8 |     1 |         14 |       5 |          6 |        5
  3 | P3   |       3 |     3 |         10 |       3 |          7 |        3
  4 | P4   |       8 |     6 |         16 |       2 |          8 |        1

Per-Process Results - Guaranteed
PID | Name | Arrival | Burst | Completion | Waiting | Turnaround | Response
  1 | P1   |       3 |     3 |         10 |       0 |          7 |        0
  2 | P2   |       8 |     1 |         10 |       1 |          2 |        1
  3 | P3   |       3 |     3 |         10 |       3 |          7 |        3
  4 | P4   |       8 |     6 |         16 |       2 |          8 |        2

Per-Process Results - Multilevel Queue
PID | Name | Arrival | Burst | Completion | Waiting | Turnaround | Response
  1 | P1   |       3 |     3 |         10 |       0 |          7 |        0
  2 | P2   |       8 |     1 |         10 |       1 |          2 |        1
  3 | P3   |       3 |     3 |         10 |       3 |          7 |        3
  4 | P4   |       8 |     6 |         16 |       2 |          8 |        2

